// Jest Snapshot v1, https://goo.gl/fbAQLP

exports[`Wallpaper renders correctly 1`] = `
<div
  className="image-background-wrapper flex items-center"
>
  <div
    className="image-background z1"
    style={
      Object {
        "backgroundImage": null,
      }
    }
  />
</div>
`;
